apiVersion: networking.istio.io/v1alpha3
kind: ServiceEntry
metadata:
  creationTimestamp: null
  name: '*google.com'
  namespace: default
spec:
  hosts:
  - '*google.com'
  ports:
  - name: https-443
    number: 443
    protocol: https
